Errors: {'ingredients': [{'amount': [ErrorDetail(string='A valid number is required.', code='invalid')]}, {'amount': [ErrorDetail(string='A valid number is required.', code='invalid')]}, {'amount': [ErrorDetail(string='A valid number is required.', code='invalid')]}]}
Initial Data: <QueryDict: {'title': ['pizza'], 'description': ['kqkjqsbc'], 'prep_time': ['10'], 'cook_time': ['20'], 'servings': ['1'], 'category': ['Italian'], 'instructions': ['["kjgbn,","ljbn","ljbnk"]'], 'tags': ['["Quick"]'], 'dietary_labels': ['[]'], 'ingredients': ['[{"name":"flour","amount":"100g","unit":"1"},{"name":"salt","amount":"5g","unit":"1"},{"name":"cheese","amount":"50g","unit":"1"}]'], 'image_url': ['https://tsyendyrtazavgwrzjxr.supabase.co/storage/v1/object/public/recipe-images/0.9383393451503066.jpg']}>
